../GUI/LVGL/src/widgets/lv_dropdown.c:647:13:lv_dropdownlist_destructor	0	static
../GUI/LVGL/src/widgets/lv_dropdown.c:1148:19:get_label	0	static
../GUI/LVGL/src/widgets/lv_dropdown.c:1128:13:position_to_selected	16	static
../GUI/LVGL/src/widgets/lv_dropdown.c:632:13:lv_dropdownlist_constructor	16	static
../GUI/LVGL/src/widgets/lv_dropdown.c:616:13:lv_dropdown_destructor	16	static
../GUI/LVGL/src/widgets/lv_dropdown.c:970:13:draw_box_label	88	static
../GUI/LVGL/src/widgets/lv_dropdown.c:932:13:draw_box	104	static
../GUI/LVGL/src/widgets/lv_dropdown.c:1104:17:get_id_on_point	24	static
../GUI/LVGL/src/widgets/lv_dropdown.c:91:12:lv_dropdown_create	8	static
../GUI/LVGL/src/widgets/lv_dropdown.c:103:6:lv_dropdown_set_text	0	static
../GUI/LVGL/src/widgets/lv_dropdown.c:114:6:lv_dropdown_set_options	24	static
../GUI/LVGL/src/widgets/lv_dropdown.c:161:6:lv_dropdown_set_options_static	16	static
../GUI/LVGL/src/widgets/lv_dropdown.c:586:13:lv_dropdown_constructor	16	static
../GUI/LVGL/src/widgets/lv_dropdown.c:190:6:lv_dropdown_add_option	40	static
../GUI/LVGL/src/widgets/lv_dropdown.c:261:6:lv_dropdown_clear_options	8	static
../GUI/LVGL/src/widgets/lv_dropdown.c:278:6:lv_dropdown_set_selected	8	static
../GUI/LVGL/src/widgets/lv_dropdown.c:295:6:lv_dropdown_set_dir	4	static
../GUI/LVGL/src/widgets/lv_dropdown.c:307:6:lv_dropdown_set_symbol	0	static
../GUI/LVGL/src/widgets/lv_dropdown.c:316:6:lv_dropdown_set_selected_highlight	0	static
../GUI/LVGL/src/widgets/lv_dropdown.c:329:12:lv_dropdown_get_list	0	static
../GUI/LVGL/src/widgets/lv_dropdown.c:337:14:lv_dropdown_get_text	0	static
../GUI/LVGL/src/widgets/lv_dropdown.c:345:14:lv_dropdown_get_options	0	static
../GUI/LVGL/src/widgets/lv_dropdown.c:353:10:lv_dropdown_get_selected	0	static
../GUI/LVGL/src/widgets/lv_dropdown.c:362:10:lv_dropdown_get_option_cnt	0	static
../GUI/LVGL/src/widgets/lv_dropdown.c:371:6:lv_dropdown_get_selected_str	24	static
../GUI/LVGL/src/widgets/lv_dropdown.c:405:9:lv_dropdown_get_option_index	32	static
../GUI/LVGL/src/widgets/lv_dropdown.c:430:14:lv_dropdown_get_symbol	0	static
../GUI/LVGL/src/widgets/lv_dropdown.c:437:6:lv_dropdown_get_selected_highlight	0	static
../GUI/LVGL/src/widgets/lv_dropdown.c:444:10:lv_dropdown_get_dir	0	static
../GUI/LVGL/src/widgets/lv_dropdown.c:455:6:lv_dropdown_open	32	static
../GUI/LVGL/src/widgets/lv_dropdown.c:553:6:lv_dropdown_close	8	static
../GUI/LVGL/src/widgets/lv_dropdown.c:746:13:lv_dropdown_list_event	32	static
../GUI/LVGL/src/widgets/lv_dropdown.c:566:6:lv_dropdown_is_open	8	static
../GUI/LVGL/src/widgets/lv_dropdown.c:1017:17:btn_release_handler.isra	24	static
../GUI/LVGL/src/widgets/lv_dropdown.c:656:13:lv_dropdown_event	152	static
