../GUI/LVGL/src/widgets/../core/lv_obj_style_gen.h:115:26:lv_obj_get_style_pad_left	8	static
../GUI/LVGL/src/widgets/../core/lv_obj_style_gen.h:121:26:lv_obj_get_style_pad_right	8	static
../GUI/LVGL/src/widgets/../core/lv_obj_style_gen.h:103:26:lv_obj_get_style_pad_top	8	static
../GUI/LVGL/src/widgets/lv_table.c:927:19:get_row_height	104	static
../GUI/LVGL/src/widgets/lv_table.c:524:13:lv_table_destructor	24	static
../GUI/LVGL/src/widgets/lv_table.c:505:13:lv_table_constructor	8	static
../GUI/LVGL/src/widgets/lv_table.c:1067:13:get_cell_area	24	static
../GUI/LVGL/src/widgets/lv_table.c:1103:13:scroll_to_selected_cell	24	static
../GUI/LVGL/src/widgets/lv_table.c:866:13:refr_size_form_row.constprop	80	static
../GUI/LVGL/src/widgets/lv_table.c:893:13:refr_cell_size	88	static
../GUI/LVGL/src/widgets/lv_table.c:670:13:draw_main	416	static
../GUI/LVGL/src/widgets/lv_table.c:548:13:lv_table_event	32	static
../GUI/LVGL/src/widgets/lv_table.c:74:12:lv_table_create	8	static
../GUI/LVGL/src/widgets/lv_table.c:206:6:lv_table_set_row_cnt	32	static
../GUI/LVGL/src/widgets/lv_table.c:251:6:lv_table_set_col_cnt	64	static
../GUI/LVGL/src/widgets/lv_table.c:86:6:lv_table_set_cell_value	48	static
../GUI/LVGL/src/widgets/lv_table.c:125:6:lv_table_set_cell_value_fmt	52	static
../GUI/LVGL/src/widgets/lv_table.c:313:6:lv_table_set_col_width	16	static
../GUI/LVGL/src/widgets/lv_table.c:326:6:lv_table_add_cell_ctrl	24	static
../GUI/LVGL/src/widgets/lv_table.c:353:6:lv_table_clear_cell_ctrl	24	static
../GUI/LVGL/src/widgets/lv_table.c:381:6:lv_table_set_cell_user_data	24	static
../GUI/LVGL/src/widgets/lv_table.c:415:14:lv_table_get_cell_value	0	static
../GUI/LVGL/src/widgets/lv_table.c:431:10:lv_table_get_row_cnt	0	static
../GUI/LVGL/src/widgets/lv_table.c:439:10:lv_table_get_col_cnt	0	static
../GUI/LVGL/src/widgets/lv_table.c:447:12:lv_table_get_col_width	0	static
../GUI/LVGL/src/widgets/lv_table.c:461:6:lv_table_has_cell_ctrl	8	static
../GUI/LVGL/src/widgets/lv_table.c:476:6:lv_table_get_selected_cell	0	static
../GUI/LVGL/src/widgets/lv_table.c:484:8:lv_table_get_cell_user_data	0	static
