../Hardware/ILI9341/ILI9341_STM32_Driver.c:92:6:ILI9341_SPI_Init	0	static
../Hardware/ILI9341/ILI9341_STM32_Driver.c:99:6:ILI9341_SPI_Send	16	static
../Hardware/ILI9341/ILI9341_STM32_Driver.c:104:6:ILI9341_Write_Command	16	static
../Hardware/ILI9341/ILI9341_STM32_Driver.c:112:6:ILI9341_Write_Data	16	static
../Hardware/ILI9341/ILI9341_STM32_Driver.c:120:6:ILI9341_Set_Address	24	static
../Hardware/ILI9341/ILI9341_STM32_Driver.c:137:6:ILI9341_Reset	8	static
../Hardware/ILI9341/ILI9341_STM32_Driver.c:146:6:ILI9341_Set_Rotation	8	static
../Hardware/ILI9341/ILI9341_STM32_Driver.c:181:6:ILI9341_Enable	0	static
../Hardware/ILI9341/ILI9341_STM32_Driver.c:186:6:ILI9341_Init	8	static
../Hardware/ILI9341/ILI9341_STM32_Driver.c:325:6:ILI9341_Draw_Colour	16	static
../Hardware/ILI9341/ILI9341_STM32_Driver.c:336:6:ILI9341_Draw_Colour_Burst	40	dynamic
../Hardware/ILI9341/ILI9341_STM32_Driver.c:376:6:ILI9341_Fill_Screen	16	static
../Hardware/ILI9341/ILI9341_STM32_Driver.c:387:6:ILI9341_Draw_Pixel	32	static
../Hardware/ILI9341/ILI9341_STM32_Driver.c:438:6:ILI9341_Draw_Rectangle	24	static
../Hardware/ILI9341/ILI9341_STM32_Driver.c:453:6:ILI9341_Draw_Horizontal_Line	16	static
../Hardware/ILI9341/ILI9341_STM32_Driver.c:465:6:ILI9341_Draw_Vertical_Line	16	static
../Hardware/ILI9341/ILI9341_STM32_Driver.c:478:10:ILI9341_RedeID	32	static
